[INFO] Scanning for projects...
[INFO] 
[INFO] ----------------------------< com.bvkm:pms >----------------------------
[INFO] Building BVKM-PMS 0.0.1-SNAPSHOT
[INFO]   from pom.xml
[INFO] --------------------------------[ jar ]---------------------------------
[INFO] 
[INFO] --- resources:3.3.1:resources (default-resources) @ pms ---
[INFO] Copying 1 resource from src\main\resources to target\classes
[INFO] Copying 0 resource from src\main\resources to target\classes
[INFO] 
[INFO] --- compiler:3.11.0:compile (default-compile) @ pms ---
[INFO] Nothing to compile - all classes are up to date
[INFO] 
[INFO] --- resources:3.3.1:testResources (default-testResources) @ pms ---
[INFO] skip non existing resourceDirectory D:\Desktop\b v mm\apps\bvkm-pms\backend\src\test\resources
[INFO] 
[INFO] --- compiler:3.11.0:testCompile (default-testCompile) @ pms ---
[INFO] Nothing to compile - all classes are up to date
[INFO] 
[INFO] --- surefire:3.1.2:test (default-test) @ pms ---
[INFO] Using auto detected provider org.apache.maven.surefire.junitplatform.JUnitPlatformProvider
[INFO] 
[INFO] -------------------------------------------------------
[INFO]  T E S T S
[INFO] -------------------------------------------------------
[INFO] Running com.bvkm.pms.ApiIntegrationTest
13:51:36.069 [main] INFO org.springframework.test.context.support.AnnotationConfigContextLoaderUtils -- Could not detect default configuration classes for test class [com.bvkm.pms.ApiIntegrationTest]: ApiIntegrationTest does not declare any static, non-private, non-final, nested classes annotated with @Configuration.
13:51:36.354 [main] INFO org.springframework.boot.test.context.SpringBootTestContextBootstrapper -- Found @SpringBootConfiguration com.bvkm.pms.PmsApplication for test class com.bvkm.pms.ApiIntegrationTest

  .   ____          _            __ _ _
 /\\ / ___'_ __ _ _(_)_ __  __ _ \ \ \ \
( ( )\___ | '_ | '_| | '_ \/ _` | \ \ \ \
 \\/  ___)| |_)| | | | | || (_| |  ) ) ) )
  '  |____| .__|_| |_|_| |_\__, | / / / /
 =========|_|==============|___/=/_/_/_/
 :: Spring Boot ::                (v3.2.0)

2025-11-30T13:51:37.654+05:30  INFO 20408 --- [           main] com.bvkm.pms.ApiIntegrationTest          : Starting ApiIntegrationTest using Java 22.0.2 with PID 20408 (started by Admin in D:\Desktop\b v mm\apps\bvkm-pms\backend)
2025-11-30T13:51:37.658+05:30  INFO 20408 --- [           main] com.bvkm.pms.ApiIntegrationTest          : No active profile set, falling back to 1 default profile: "default"
2025-11-30T13:51:39.515+05:30  INFO 20408 --- [           main] .s.d.r.c.RepositoryConfigurationDelegate : Bootstrapping Spring Data JPA repositories in DEFAULT mode.
2025-11-30T13:51:39.718+05:30  INFO 20408 --- [           main] .s.d.r.c.RepositoryConfigurationDelegate : Finished Spring Data repository scanning in 177 ms. Found 6 JPA repository interfaces.
2025-11-30T13:51:41.293+05:30  INFO 20408 --- [           main] o.hibernate.jpa.internal.util.LogHelper  : HHH000204: Processing PersistenceUnitInfo [name: default]
2025-11-30T13:51:41.457+05:30  INFO 20408 --- [           main] org.hibernate.Version                    : HHH000412: Hibernate ORM core version 6.3.1.Final
2025-11-30T13:51:41.579+05:30  INFO 20408 --- [           main] o.h.c.internal.RegionFactoryInitiator    : HHH000026: Second-level cache disabled
2025-11-30T13:51:42.386+05:30  INFO 20408 --- [           main] o.s.o.j.p.SpringPersistenceUnitInfo      : No LoadTimeWeaver setup: ignoring JPA class transformer
2025-11-30T13:51:42.472+05:30  INFO 20408 --- [           main] com.zaxxer.hikari.HikariDataSource       : HikariPool-1 - Starting...
2025-11-30T13:51:43.012+05:30  INFO 20408 --- [           main] com.zaxxer.hikari.pool.HikariPool        : HikariPool-1 - Added connection org.postgresql.jdbc.PgConnection@40f9f60d
2025-11-30T13:51:43.018+05:30  INFO 20408 --- [           main] com.zaxxer.hikari.HikariDataSource       : HikariPool-1 - Start completed.
2025-11-30T13:51:43.143+05:30  WARN 20408 --- [           main] org.hibernate.orm.deprecation            : HHH90000025: PostgreSQLDialect does not need to be specified explicitly using 'hibernate.dialect' (remove the property setting and it will be selected by default)
2025-11-30T13:51:45.445+05:30  INFO 20408 --- [           main] o.h.e.t.j.p.i.JtaPlatformInitiator       : HHH000489: No JTA platform available (set 'hibernate.transaction.jta.platform' to enable JTA platform integration)
2025-11-30T13:51:45.920+05:30  INFO 20408 --- [           main] j.LocalContainerEntityManagerFactoryBean : Initialized JPA EntityManagerFactory for persistence unit 'default'
2025-11-30T13:51:47.393+05:30  WARN 20408 --- [           main] JpaBaseConfiguration$JpaWebConfiguration : spring.jpa.open-in-view is enabled by default. Therefore, database queries may be performed during view rendering. Explicitly configure spring.jpa.open-in-view to disable this warning
2025-11-30T13:51:48.142+05:30  INFO 20408 --- [           main] o.s.s.web.DefaultSecurityFilterChain     : Will secure any request with [org.springframework.security.web.session.DisableEncodeUrlFilter@79e28671, org.springframework.security.web.context.request.async.WebAsyncManagerIntegrationFilter@ad6255e, org.springframework.security.web.context.SecurityContextHolderFilter@22e253c7, org.springframework.security.web.header.HeaderWriterFilter@73a88711, org.springframework.web.filter.CorsFilter@81a56b2, org.springframework.security.web.authentication.logout.LogoutFilter@21399e53, com.bvkm.pms.security.jwt.AuthTokenFilter@6560f387, org.springframework.security.web.savedrequest.RequestCacheAwareFilter@4fe3199d, org.springframework.security.web.servletapi.SecurityContextHolderAwareRequestFilter@58ebfbcb, org.springframework.security.web.authentication.AnonymousAuthenticationFilter@488c6c98, org.springframework.security.web.session.SessionManagementFilter@535aa7c7, org.springframework.security.web.access.ExceptionTranslationFilter@d62feaf, org.springframework.security.web.access.intercept.AuthorizationFilter@32182bf8]
2025-11-30T13:51:49.257+05:30  INFO 20408 --- [           main] o.s.b.t.m.w.SpringBootMockServletContext : Initializing Spring TestDispatcherServlet ''
2025-11-30T13:51:49.258+05:30  INFO 20408 --- [           main] o.s.t.web.servlet.TestDispatcherServlet  : Initializing Servlet ''
2025-11-30T13:51:49.267+05:30  INFO 20408 --- [           main] o.s.t.web.servlet.TestDispatcherServlet  : Completed initialization in 5 ms
2025-11-30T13:51:49.344+05:30  INFO 20408 --- [           main] com.bvkm.pms.ApiIntegrationTest          : Started ApiIntegrationTest in 12.639 seconds (process running for 15.273)
mvn : WARNING: A Java agent has been loaded dynamically (C:\Users\Admi
n\.m2\repository\net\bytebuddy\byte-buddy-agent\1.14.10\byte-buddy-age
nt-1.14.10.jar)
At line:1 char:1
+ mvn test -Dtest=ApiIntegrationTest > test_output.txt 2>&1
+ ~~~~~~~~~~~~~~~~~~~~~~~~~~~~~~~~~~~~~~~~~~~~~~~~~~~~~~~~~
    + CategoryInfo          : NotSpecified: (WARNING: A Java...nt-1.1 
   4.10.jar):String) [], RemoteException
    + FullyQualifiedErrorId : NativeCommandError
 
WARNING: If a serviceability tool is in use, please run with 
-XX:+EnableDynamicAgentLoading to hide this warning
WARNING: If a serviceability tool is not in use, please run with 
-Djdk.instrument.traceUsage for more information
WARNING: Dynamic loading of agents will be disallowed by default in a 
future release
Java HotSpot(TM) 64-Bit Server VM warning: Sharing is only supported 
for boot loader classes because bootstrap classpath has been appended
2025-11-30T13:51:50.752+05:30  WARN 20408 --- [           main] o.s.w.s.h.HandlerMappingIntrospector     : Cache miss for REQUEST dispatch to '/api/auth/register-admin' (previous null). Performing CorsConfiguration lookup. This is logged once only at WARN level, and every time at TRACE.
Hibernate: 
    select
        s1_0.id,
        s1_0.assigned_location_id,
        s1_0.designation,
        s1_0.level,
        s1_0.login_id,
        s1_0.name,
        s1_0.password_hash,
        s1_0.reporting_to_id,
        s1_0.role 
    from
        staff s1_0 
    where
        s1_0.login_id=?
Hibernate: 
    select
        s1_0.id,
        s1_0.assigned_location_id,
        s1_0.designation,
        s1_0.level,
        s1_0.login_id,
        s1_0.name,
        s1_0.password_hash,
        s1_0.reporting_to_id,
        s1_0.role 
    from
        staff s1_0 
    where
        s1_0.login_id=?
JWT Token obtained: eyJhbGciOiJIUzI1NiJ9.eyJzdWIiOiJhZG1pbl90ZXN0IiwiaWF0IjoxNzY0NDkwOTEyLCJleHAiOjE3NjQ1NzczMTJ9.i8Vnj8W7oOvkximDhHCLUfUCQRi2k3vAAiH0Ey_-uts
Hibernate: 
    select
        s1_0.id,
        s1_0.assigned_location_id,
        s1_0.designation,
        s1_0.level,
        s1_0.login_id,
        s1_0.name,
        s1_0.password_hash,
        s1_0.reporting_to_id,
        s1_0.role 
    from
        staff s1_0 
    where
        s1_0.login_id=?

MockHttpServletRequest:
      HTTP Method = POST
      Request URI = /api/activities
       Parameters = {}
          Headers = [Content-Type:"application/json;charset=UTF-8", Authorization:"Bearer eyJhbGciOiJIUzI1NiJ9.eyJzdWIiOiJhZG1pbl90ZXN0IiwiaWF0IjoxNzY0NDkwOTEyLCJleHAiOjE3NjQ1NzczMTJ9.i8Vnj8W7oOvkximDhHCLUfUCQRi2k3vAAiH0Ey_-uts", Content-Length:"129"]
             Body = {"id":null,"type":"CALL","staff":null,"client":null,"timestamp":null,"details":"{\"purpose\": \"Test Call\"}","status":"PENDING"}
    Session Attrs = {}

Handler:
             Type = com.bvkm.pms.controller.ActivityController
           Method = com.bvkm.pms.controller.ActivityController#createActivity(Activity)

Async:
    Async started = false
     Async result = null

Resolved Exception:
             Type = null

ModelAndView:
        View name = null
             View = null
            Model = null

FlashMap:
       Attributes = null

MockHttpServletResponse:
           Status = 403
    Error message = Forbidden
          Headers = [Vary:"Origin", "Access-Control-Request-Method", "Access-Control-Request-Headers", X-Content-Type-Options:"nosniff", X-XSS-Protection:"0", Cache-Control:"no-cache, no-store, max-age=0, must-revalidate", Pragma:"no-cache", Expires:"0", X-Frame-Options:"DENY"]
     Content type = null
             Body = 
    Forwarded URL = null
   Redirected URL = null
          Cookies = []
Hibernate: 
    select
        s1_0.id,
        s1_0.assigned_location_id,
        s1_0.designation,
        s1_0.level,
        s1_0.login_id,
        s1_0.name,
        s1_0.password_hash,
        s1_0.reporting_to_id,
        s1_0.role 
    from
        staff s1_0 
    where
        s1_0.login_id=?

MockHttpServletRequest:
      HTTP Method = GET
      Request URI = /api/activities
       Parameters = {}
          Headers = [Authorization:"Bearer eyJhbGciOiJIUzI1NiJ9.eyJzdWIiOiJhZG1pbl90ZXN0IiwiaWF0IjoxNzY0NDkwOTEyLCJleHAiOjE3NjQ1NzczMTJ9.i8Vnj8W7oOvkximDhHCLUfUCQRi2k3vAAiH0Ey_-uts"]
             Body = null
    Session Attrs = {}

Handler:
             Type = com.bvkm.pms.controller.ActivityController
           Method = com.bvkm.pms.controller.ActivityController#getAllActivities()

Async:
    Async started = false
     Async result = null

Resolved Exception:
             Type = null

ModelAndView:
        View name = null
             View = null
            Model = null

FlashMap:
       Attributes = null

MockHttpServletResponse:
           Status = 403
    Error message = Forbidden
          Headers = [Vary:"Origin", "Access-Control-Request-Method", "Access-Control-Request-Headers", X-Content-Type-Options:"nosniff", X-XSS-Protection:"0", Cache-Control:"no-cache, no-store, max-age=0, must-revalidate", Pragma:"no-cache", Expires:"0", X-Frame-Options:"DENY"]
     Content type = null
             Body = 
    Forwarded URL = null
   Redirected URL = null
          Cookies = []
[ERROR] Tests run: 4, Failures: 2, Errors: 0, Skipped: 0, Time elapsed: 16.73 s <<< FAILURE! -- in com.bvkm.pms.ApiIntegrationTest
[ERROR] com.bvkm.pms.ApiIntegrationTest.testCreateActivity -- Time elapsed: 0.181 s <<< FAILURE!
java.lang.AssertionError: Response status expected:<400> but was:<403>
	at org.springframework.test.util.AssertionErrors.fail(AssertionErrors.java:59)
	at org.springframework.test.util.AssertionErrors.assertEquals(AssertionErrors.java:122)
	at org.springframework.test.web.servlet.result.StatusResultMatchers.lambda$is$1(StatusResultMatchers.java:64)
	at org.springframework.test.web.servlet.MockMvc$1.andExpect(MockMvc.java:214)
	at com.bvkm.pms.ApiIntegrationTest.testCreateActivity(ApiIntegrationTest.java:104)
	at java.base/java.lang.reflect.Method.invoke(Method.java:580)
	at java.base/java.util.ArrayList.forEach(ArrayList.java:1597)
	at java.base/java.util.ArrayList.forEach(ArrayList.java:1597)

[ERROR] com.bvkm.pms.ApiIntegrationTest.testGetActivities -- Time elapsed: 0.028 s <<< FAILURE!
java.lang.AssertionError: Status expected:<200> but was:<403>
	at org.springframework.test.util.AssertionErrors.fail(AssertionErrors.java:59)
	at org.springframework.test.util.AssertionErrors.assertEquals(AssertionErrors.java:122)
	at org.springframework.test.web.servlet.result.StatusResultMatchers.lambda$matcher$9(StatusResultMatchers.java:637)
	at org.springframework.test.web.servlet.MockMvc$1.andExpect(MockMvc.java:214)
	at com.bvkm.pms.ApiIntegrationTest.testGetActivities(ApiIntegrationTest.java:113)
	at java.base/java.lang.reflect.Method.invoke(Method.java:580)
	at java.base/java.util.ArrayList.forEach(ArrayList.java:1597)
	at java.base/java.util.ArrayList.forEach(ArrayList.java:1597)

[INFO] 
[INFO] Results:
[INFO] 
[ERROR] Failures: 
[ERROR]   ApiIntegrationTest.testCreateActivity:104 Response status expected:<400> but was:<403>
[ERROR]   ApiIntegrationTest.testGetActivities:113 Status expected:<200> but was:<403>
[INFO] 
[ERROR] Tests run: 4, Failures: 2, Errors: 0, Skipped: 0
[INFO] 
[INFO] ------------------------------------------------------------------------
[INFO] BUILD FAILURE
[INFO] ------------------------------------------------------------------------
[INFO] Total time:  22.855 s
[INFO] Finished at: 2025-11-30T13:51:52+05:30
[INFO] ------------------------------------------------------------------------
[ERROR] Failed to execute goal org.apache.maven.plugins:maven-surefire-plugin:3.1.2:test (default-test) on project pms: There are test failures.
[ERROR] 
[ERROR] Please refer to D:\Desktop\b v mm\apps\bvkm-pms\backend\target\surefire-reports for the individual test results.
[ERROR] Please refer to dump files (if any exist) [date].dump, [date]-jvmRun[N].dump and [date].dumpstream.
[ERROR] -> [Help 1]
[ERROR] 
[ERROR] To see the full stack trace of the errors, re-run Maven with the -e switch.
[ERROR] Re-run Maven using the -X switch to enable full debug logging.
[ERROR] 
[ERROR] For more information about the errors and possible solutions, please read the following articles:
[ERROR] [Help 1] http://cwiki.apache.org/confluence/display/MAVEN/MojoFailureException
